// Jest Snapshot v1, https://goo.gl/fbAQLP

exports[`App App snapshot 1`] = `
<Fragment>
  <CssBaseline />
  <Component />
  <WithStyles(ForwardRef(Container))
    maxWidth="lg"
    style={
      Object {
        "alignItems": "center",
        "backgroundImage": "url(sensenet_logo_transparent.png)",
        "backgroundPosition": "center",
        "backgroundRepeat": "no-repeat",
        "backgroundSize": "auto",
        "display": "flex",
        "flexDirection": "column",
        "justifyContent": "flex-start",
        "marginTop": "65px",
        "minHeight": "80vh",
        "verticalAlign": "middle",
        "width": "100%",
      }
    }
  >
    <WithStyles(ForwardRef(Grid))
      container={true}
      direction="column"
      justify="center"
    >
      <WithStyles(ForwardRef(Grid))
        item={true}
        style={
          Object {
            "alignSelf": "center",
          }
        }
        xs={12}
      >
        <SharedProvider>
          <MainPanel />
        </SharedProvider>
      </WithStyles(ForwardRef(Grid))>
    </WithStyles(ForwardRef(Grid))>
  </WithStyles(ForwardRef(Container))>
</Fragment>
`;
