// Jest Snapshot v1, https://goo.gl/fbAQLP

exports[`Navbar Navbar snapshot 1`] = `
<div
  className="makeStyles-root-1"
>
  <WithStyles(ForwardRef(AppBar))>
    <WithStyles(ForwardRef(Toolbar))>
      <WithStyles(ForwardRef(Typography))
        className="makeStyles-title-3"
        variant="h6"
      >
        Calendar
      </WithStyles(ForwardRef(Typography))>
      <WithStyles(Tooltip)
        title="Return to the Login screen and select another repository"
      >
        <WithStyles(ForwardRef(Button))
          color="inherit"
          onClick={[Function]}
        >
          Log out
        </WithStyles(ForwardRef(Button))>
      </WithStyles(Tooltip)>
    </WithStyles(ForwardRef(Toolbar))>
  </WithStyles(ForwardRef(AppBar))>
</div>
`;
